<ul class="pagination">
    <li class="page-item disabled">
        <a class="page-link" href="#" tabindex="-1">上一页</a>
    </li>
    <li class="page-item active">
        <a class="page-link" href="#">1 <span class="sr-only">(current)</span></a>
    </li>
    <li class="page-item">
        <a class="page-link" href="/page/2">2</a>
    </li>
    <li class="page-item">
        <a class="page-link" href="/page/2">下一页</a>
    </li>
</ul>