<ul class="pagination">
    <li class="page-item">
        <a class="page-link" href="/page/2">上一页</a>
    </li>
    <li class="page-item">
        <a class="page-link" href="/page/1">1</a>
    </li>
    <li class="page-item">
        <a class="page-link" href="/page/2">2</a>
    </li>
    <li class="page-item active">
        <a class="page-link" href="#">3 <span class="sr-only">(current)</span></a>
    </li>
    <li class="page-item">
        <a class="page-link" href="/page/4">4</a>
    </li>
    <li class="page-item">
        <a class="page-link" href="/page/5">5</a>
    </li>
    <li class="page-item">
        <a class="page-link" href="/page/6">6</a>
    </li>
    <li class="page-item disabled">
        <a class="page-link" href="#" tabindex="-1">…</a>
    </li>
    <li class="page-item">
        <a class="page-link" href="/page/10">10</a>
    </li>
    <li class="page-item">
        <a class="page-link" href="/page/4">下一页</a>
    </li>
</ul>